                                  flow  vdev · ● wlan0 · 46ms

                         ██    █████ ██ ██            █████ █████    ██    
                         ██       ██ ██ ██               ██ ██ ██    ██    
                         ██    █████ █████            █████ ██ ██    ██    
                         ██       ██    ██            ██    ██ ██    ██    
                         ██ ██ █████    ██            █████ █████    ██    
                     ↓ MB/s · peak 4.5 MB/s        ↑ KB/s · session 67.0 MB

                                                                            ⣦⡀                  
⡀⡀⡀⡀⡀⢀⣀⣀⣀⣀⡀⡀⡀⡀⡀⡀⡀⡀⡀⡀⡀⡀⡀⡀⡀⡀⡀⡀⢀⣀⣀⣀⣀⡀⡀⡀⡀⡀⡀⡀⡀⡀⡀⡀⡀⡀⡀⡀⡀⡀⡀⡀⣀⣀⣀⡀⡀⣀⣀⣀⣀⡀⡀⡀⡀⡀⡀⡀⡀⡀⡀⡀⡀⡀⡀⡀⣿⣿⣷⣄⣀⣀⣀⣀⡀⡀⡀⡀⡀⡀⡀⡀⡀⡀⡀⡀
⣿⣿⣿⣿⣿⣿⣿⣿⣿⣿⣿⣿⣶⣶⣶⣶⣶⣦⣤⣤⣤⣶⣶⣿⣿⣶⣿⣿⣿⣿⣿⣿⣿⣿⣿⣿⣿⣿⣿⣶⣦⣤⣤⣴⣶⣶⣶⣶⣶⣶⣾⣿⣿⣿⣿⣿⣿⣿⣿⣿⣿⣿⣷⣶⣶⣶⣶⣶⣶⣤⣤⣤⣶⣾⣿⣿⣿⣿⣿⣿⣿⣿⣿⣿⣿⣿⣿⣿⣿⣿⣶⣦⣤⣤⣤⣶
⣿⣿⣿⣿⣿⣿⣿⣿⣿⣿⣿⣿⣿⣿⣿⣿⣿⣿⣿⣿⣿⣿⣿⣿⣿⣿⣿⣿⣿⣿⣿⣿⣿⣿⣿⣿⣿⣿⣿⣿⣿⣿⣿⣿⣿⣿⣿⣿⣿⣿⣿⣿⣿⣿⣿⣿⣿⣿⣿⣿⣿⣿⣿⣿⣿⣿⣿⣿⣿⣿⣿⣿⣿⣿⣿⣿⣿⣿⣿⣿⣿⣿⣿⣿⣿⣿⣿⣿⣿⣿⣿⣿⣿⣿⣿⣿
┈┈┈┈┈┈┈┈┈┈┈┈┈┈┈┈┈┈┈┈┈┈┈┈┈┈┈┈┈┈┈┈┈┈┈┈┈┈┈┈┈┈┈┈┈┈┈┈┈┈┈┈┈┈┈┈┈┈┈┈┈┈┈┈┈┈┈┈┈┈┈┈┈┈┈┈┈┈┈┈┈┈┈┈┈┈┈┈┈┈┈┈┈┈┈┈
⣿⣿⣿⣿⣿⣿⣿⣿⣿⣿⣿⣿⣿⣿⣿⣿⣿⣿⣿⣿⣿⣿⣿⣿⣿⣿⣿⣿⣿⣿⣿⣿⣿⣿⣿⣿⣿⣿⣿⣿⣿⣿⣿⣿⣿⣿⣿⣿⣿⣿⣿⣿⣿⣿⣿⣿⣿⣿⣿⣿⣿⣿⣿⣿⣿⣿⣿⣿⣿⣿⣿⣿⣿⣿⣿⣿⣿⣿⣿⣿⣿⣿⣿⣿⣿⣿⣿⣿⣿⣿⣿⣿⣿⣿⣿⣿
⣿⣿⣿⣿⣿⣿⣿⣿⣿⣿⡿⠿⠿⠿⠿⠿⠟⠛⠋⠉⠛⠛⠿⠿⠿⠿⠿⢿⣿⣿⣿⣿⣿⣿⣿⣿⣿⣿⠿⠿⠛⠛⠛⠛⠛⠛⠛⠛⠛⠻⠿⣿⣿⣿⣿⣿⣿⣿⣿⣿⣿⡿⠿⠟⠛⠛⠿⠟⠛⠛⠛⠛⠛⠿⠿⠿⠿⠿⢿⡿⣿⣿⣿⣿⣿⠿⠿⠿⠿⠿⠿⠛⠋⠉⠛⠛
⠁⠁⠁⠁⠁⠁⠁⠈⠁⠁⠁⠁⠁⠁⠁⠁⠁⠁⠁⠁⠁⠁⠁⠁⠁⠁⠁⠁⠁⠈⠉⠁⠁⠁⠁⠁⠁⠁⠁⠁⠁⠁⠁⠁⠁⠁⠁⠁⠁⠁⠁⠁⠁⠁⠁⠁⠁⠁⠁⠁⠁⠁⠁⠁⠁⠁⠁⠁⠁⠁⠁⠁⠁⠁⠁⠁⠁⠁⠁⠁⣿⣿⡿⠋⠁⠁⠁⠁⠁⠁⠁⠁⠁⠁⠁⠁
                                                                                ⠿⠋              
−60s                                                                                       now ▎

────────────────────────────────────────────────────────────────────────────────────────────────
today  ·  ↓ 16.1 MB  ·  ↑ 67.0 MB  ·  ping 46ms

                         q quit · m mode · d filter · t theme · ? help                          
                          g github · u issues · x discuss · $ sponsor                           
